credits: 1,919,820   site: PHX-CHASE
probing 5 dates, tcm only

date            tiles   peak °F   mean °F  verdict
2021-07-15          0         -         -  EMPTY — billed for nothing
2022-07-15         10     107.0      99.8  ok
Traceback (most recent call last):
  File "C:\Users\desim\OneDrive\Documenti\Career\Hackathons\FortyGuard\heat-guard\venv\Lib\site-packages\urllib3\connection.py", line 204, in _new_conn
    sock = connection.create_connection(
           ^^^^^^^^^^^^^^^^^^^^^^^^^^^^^
  File "C:\Users\desim\OneDrive\Documenti\Career\Hackathons\FortyGuard\heat-guard\venv\Lib\site-packages\urllib3\util\connection.py", line 60, in create_connection
    for res in socket.getaddrinfo(host, port, family, socket.SOCK_STREAM):
               ^^^^^^^^^^^^^^^^^^^^^^^^^^^^^^^^^^^^^^^^^^^^^^^^^^^^^^^^^^
  File "C:\Program Files\WindowsApps\PythonSoftwareFoundation.Python.3.12_3.12.2800.0_x64__qbz5n2kfra8p0\Lib\socket.py", line 978, in getaddrinfo
    for res in _socket.getaddrinfo(host, port, family, type, proto, flags):
               ^^^^^^^^^^^^^^^^^^^^^^^^^^^^^^^^^^^^^^^^^^^^^^^^^^^^^^^^^^^
socket.gaierror: [Errno 11001] getaddrinfo failed

The above exception was the direct cause of the following exception:

Traceback (most recent call last):
  File "C:\Users\desim\OneDrive\Documenti\Career\Hackathons\FortyGuard\heat-guard\venv\Lib\site-packages\urllib3\connectionpool.py", line 788, in urlopen
    response = self._make_request(
               ^^^^^^^^^^^^^^^^^^^
  File "C:\Users\desim\OneDrive\Documenti\Career\Hackathons\FortyGuard\heat-guard\venv\Lib\site-packages\urllib3\connectionpool.py", line 488, in _make_request
    raise new_e
  File "C:\Users\desim\OneDrive\Documenti\Career\Hackathons\FortyGuard\heat-guard\venv\Lib\site-packages\urllib3\connectionpool.py", line 464, in _make_request
    self._validate_conn(conn)
  File "C:\Users\desim\OneDrive\Documenti\Career\Hackathons\FortyGuard\heat-guard\venv\Lib\site-packages\urllib3\connectionpool.py", line 1106, in _validate_conn
    conn.connect()
  File "C:\Users\desim\OneDrive\Documenti\Career\Hackathons\FortyGuard\heat-guard\venv\Lib\site-packages\urllib3\connection.py", line 759, in connect
    self.sock = sock = self._new_conn()
                       ^^^^^^^^^^^^^^^^
  File "C:\Users\desim\OneDrive\Documenti\Career\Hackathons\FortyGuard\heat-guard\venv\Lib\site-packages\urllib3\connection.py", line 211, in _new_conn
    raise NameResolutionError(self.host, self, e) from e
urllib3.exceptions.NameResolutionError: HTTPSConnection(host='api.fortyguard.com', port=443): Failed to resolve 'api.fortyguard.com' ([Errno 11001] getaddrinfo failed)

The above exception was the direct cause of the following exception:

Traceback (most recent call last):
  File "C:\Users\desim\OneDrive\Documenti\Career\Hackathons\FortyGuard\heat-guard\venv\Lib\site-packages\requests\adapters.py", line 696, in send
    resp = conn.urlopen(
           ^^^^^^^^^^^^^
  File "C:\Users\desim\OneDrive\Documenti\Career\Hackathons\FortyGuard\heat-guard\venv\Lib\site-packages\urllib3\connectionpool.py", line 842, in urlopen
    retries = retries.increment(
              ^^^^^^^^^^^^^^^^^^
  File "C:\Users\desim\OneDrive\Documenti\Career\Hackathons\FortyGuard\heat-guard\venv\Lib\site-packages\urllib3\util\retry.py", line 543, in increment
    raise MaxRetryError(_pool, url, reason) from reason  # type: ignore[arg-type]
    ^^^^^^^^^^^^^^^^^^^^^^^^^^^^^^^^^^^^^^^^^^^^^^^^^^^
urllib3.exceptions.MaxRetryError: HTTPSConnectionPool(host='api.fortyguard.com', port=443): Max retries exceeded with url: /v1/heatmap (Caused by NameResolutionError("HTTPSConnection(host='api.fortyguard.com', port=443): Failed to resolve 'api.fortyguard.com' ([Errno 11001] getaddrinfo failed)"))

During handling of the above exception, another exception occurred:

Traceback (most recent call last):
  File "C:\Users\desim\OneDrive\Documenti\Career\Hackathons\FortyGuard\heat-guard\scripts\t8_coverage.py", line 103, in <module>
    raise SystemExit(main())
                     ^^^^^^
  File "C:\Users\desim\OneDrive\Documenti\Career\Hackathons\FortyGuard\heat-guard\scripts\t8_coverage.py", line 59, in main
    result = tools.heatmap(aoi, date, filter_type=3, analytic_type="tcm",
             ^^^^^^^^^^^^^^^^^^^^^^^^^^^^^^^^^^^^^^^^^^^^^^^^^^^^^^^^^^^^
  File "C:\Users\desim\OneDrive\Documenti\Career\Hackathons\FortyGuard\heat-guard\src\heatguard\tools.py", line 438, in heatmap
    result = submit_and_poll("/v1/heatmap", payload,
             ^^^^^^^^^^^^^^^^^^^^^^^^^^^^^^^^^^^^^^^
  File "C:\Users\desim\OneDrive\Documenti\Career\Hackathons\FortyGuard\heat-guard\src\heatguard\tools.py", line 313, in submit_and_poll
    response = session.post(f"{BASE_URL}{endpoint}", json=payload, timeout=60)
               ^^^^^^^^^^^^^^^^^^^^^^^^^^^^^^^^^^^^^^^^^^^^^^^^^^^^^^^^^^^^^^^
  File "C:\Users\desim\OneDrive\Documenti\Career\Hackathons\FortyGuard\heat-guard\venv\Lib\site-packages\requests\sessions.py", line 712, in post
    return self.request("POST", url, data=data, json=json, **kwargs)
           ^^^^^^^^^^^^^^^^^^^^^^^^^^^^^^^^^^^^^^^^^^^^^^^^^^^^^^^^^
  File "C:\Users\desim\OneDrive\Documenti\Career\Hackathons\FortyGuard\heat-guard\venv\Lib\site-packages\requests\sessions.py", line 651, in request
    resp = self.send(prep, **send_kwargs)
           ^^^^^^^^^^^^^^^^^^^^^^^^^^^^^^
  File "C:\Users\desim\OneDrive\Documenti\Career\Hackathons\FortyGuard\heat-guard\venv\Lib\site-packages\requests\sessions.py", line 784, in send
    r = adapter.send(request, **kwargs)
        ^^^^^^^^^^^^^^^^^^^^^^^^^^^^^^^
  File "C:\Users\desim\OneDrive\Documenti\Career\Hackathons\FortyGuard\heat-guard\venv\Lib\site-packages\requests\adapters.py", line 729, in send
    raise ConnectionError(e, request=request)
requests.exceptions.ConnectionError: HTTPSConnectionPool(host='api.fortyguard.com', port=443): Max retries exceeded with url: /v1/heatmap (Caused by NameResolutionError("HTTPSConnection(host='api.fortyguard.com', port=443): Failed to resolve 'api.fortyguard.com' ([Errno 11001] getaddrinfo failed)"))
